---
source: src/main.rs
expression: "format!(\"\\u{1b}Pztable;{}\", state.panes_as_table(20).serialize())"
---
Pztable;4;4;32;84,97,98,32,32;32,73,68;80,97,110,101,32,84,105,116,108,101;0$32;84,97,98,32,49;32,32,49;80,97,110,101,32,49;x0$42;x84,97,98,32,49;x32,32,50;x80,97,110,101,32,50;0$32;84,97,98,32,50;32,53,53;80,97,110,101,32,53,53\
