---
source: src/main.rs
expression: "format!(\"\\u{1b}Pznested_list;{}\\u{1b}\\\\\", items)"
---
Pznested_list;84,97,98,32,49,32,80,97,110,101,32,49;x84,97,98,32,49,32,80,97,110,101,32,50;84,97,98,32,50,32,80,97,110,101,32,53,53\
